// Jest Snapshot v1, https://goo.gl/fbAQLP

exports[`Pruebas en el componente <DcScreen /> Debe hacer match con el snapshot  1`] = `
<div>
  <h1>
    DC Heros
  </h1>
  <hr />
  <HeroList
    publisher="DC Comics"
  />
</div>
`;
