// Jest Snapshot v1, https://goo.gl/fbAQLP

exports[`Pruebas en el componente <AppRouter/> Debe de mostrar el login si no esta autenticado  1`] = `<AppRouter />`;
