// Jest Snapshot v1, https://goo.gl/fbAQLP

exports[`Pruebas en el componente <MarvelScreen /> Debe hacer match con el snapshot  1`] = `
<Fragment>
  <h1>
    Marvel Heros
  </h1>
  <hr />
  <HeroList
    publisher="Marvel Comics"
  />
</Fragment>
`;
